[E] StopContent-Length: 153

{"jsonrpc": "2.0", "method": "textDocument/publishDiagnostics", "params": {"diagnostics": [], "uri": "file:///home/kant/FStar/src/fstar/FStar.CheckedFiles.fst"}}
